{"tool":"phpunit","result":"failed","tests":34,"passed":29,"assertions":72,"duration_ms":3195,"failed":2,"failures":[{"test":"Tests\\Feature\\Auth\\AuthenticationTest::test_users_can_logout","file":"C:\\Users\\Jhonl\\OneDrive\\Desktop\\DITC\\tests\\Feature\\Auth\\AuthenticationTest.php","line":45,"message":"Failed asserting that two strings are equal.\n--- Expected\n+++ Actual\n@@ @@\n-'http://localhost'\n+'http://localhost/login'"},{"test":"Tests\\Feature\\Auth\\PasswordConfirmationTest::test_password_can_be_confirmed","file":"C:\\Users\\Jhonl\\OneDrive\\Desktop\\DITC\\tests\\Feature\\Auth\\PasswordConfirmationTest.php","line":22,"message":"Expected response status code [201, 301, 302, 303, 307, 308] but received 500.\nFailed asserting that false is true.\r\n\r\nThe following exception occurred during the last request:\n\nSymfony\\Component\\Routing\\Exception\\RouteNotFoundException: Route [dashboard] not defined. in C:\\Users\\Jhonl\\OneDrive\\Desktop\\DITC\\vendor\\laravel\\framework\\src\\Illuminate\\Routing\\UrlGenerator.php:540\nStack trace:\n#0 C:\\Users\\Jhonl\\OneDrive\\Desktop\\DITC\\vendor\\laravel\\framework\\src\\Illuminate\\Foundation\\helpers.php(870): Illuminate\\Routing\\UrlGenerator->route('dashboard', Array, false)\n#1 C:\\Users\\Jhonl\\OneDrive\\Desktop\\DITC\\app\\Http\\Controllers\\Auth\\ConfirmablePasswordController.php(38): route('dashboard', Array, false)\n#2 C:\\Users\\Jhonl\\OneDrive\\Desktop\\DITC\\vendor\\laravel\\framework\\src\\Illuminate\\Routing\\ControllerDispatcher.php(46): App\\Http\\Controllers\\Auth\\ConfirmablePasswordController->store(Object(Illuminate\\Http\\Request))\n#3 C:\\Users\\Jhonl\\OneDrive\\Desktop\\DITC\\vendor\\laravel\\framework\\src\\Illuminate\\Routing\\Route.php(276): Illuminate\\Routing\\ControllerDispatcher->dispatch(Object(Illuminate\\Routing\\Route), Object(App\\Http\\Controllers\\Auth\\ConfirmablePasswordController), 'store')\n#4 C:\\Users\\Jhonl\\OneDrive\\Desktop\\DITC\\vendor\\laravel\\framework\\src\\Illuminate\\Routing\\Route.php(216): Illuminate\\Routing\\Route->runController()\n#5 C:\\Users\\Jhonl\\OneDrive\\Desktop\\DITC\\vendor\\laravel\\framework\\src\\Illuminate\\Routing\\Router.php(822): Illuminate\\Routing\\Route->run()\n#6 C:\\Users\\Jhonl\\OneDrive\\Desktop\\DITC\\vendor\\laravel\\framework\\src\\Illuminate\\Pipeline\\Pipeline.php(180): Illuminate\\Routing\\Router->{closure:Illuminate\\Routing\\Router::runRouteWithinStack():821}(Object(Illuminate\\Http\\Request))\n#7 C:\\Users\\Jhonl\\OneDrive\\Desktop\\DITC\\vendor\\laravel\\framework\\src\\Illuminate\\Routing\\Middleware\\SubstituteBindings.php(52): Illuminate\\Pipeline\\Pipeline->{closure:Illuminate\\Pipeline\\Pipeline::prepareDestination():178}(Object(Illuminate\\Http\\Request))\n#8 C:\\Users\\Jhonl\\OneDrive\\Desktop\\DITC\\vendor\\laravel\\framework\\src\\Illuminate\\Pipeline\\Pipeline.php(219): Illuminate\\Routing\\Middleware\\SubstituteBindings->handle(Object(Illuminate\\Http\\Request), Object(Closure))\n#9 C:\\Users\\Jhonl\\OneDrive\\Desktop\\DITC\\vendor\\laravel\\framework\\src\\Illuminate\\Auth\\Middleware\\Authenticate.php(63): Illuminate\\Pipeline\\Pipeline->{closure:{closure:Illuminate\\Pipeline\\Pipeline::carry():194}:195}(Object(Illuminate\\Http\\Request))\n#10 C:\\Users\\Jhonl\\OneDrive\\Desktop\\DITC\\vendor\\laravel\\framework\\src\\Illuminate\\Pipeline\\Pipeline.php(219): Illuminate\\Auth\\Middleware\\Authenticate->handle(Object(Illuminate\\Http\\Request), Object(Closure))\n#11 C:\\Users\\Jhonl\\OneDrive\\Desktop\\DITC\\vendor\\laravel\\framework\\src\\Illuminate\\Foundation\\Http\\Middleware\\PreventRequestForgery.php(104): Illuminate\\Pipeline\\Pipeline->{closure:{closure:Illuminate\\Pipeline\\Pipeline::carry():194}:195}(Object(Illuminate\\Http\\Request))\n#12 C:\\Users\\Jhonl\\OneDrive\\Desktop\\DITC\\vendor\\laravel\\framework\\src\\Illuminate\\Pipeline\\Pipeline.php(219): Illuminate\\Foundation\\Http\\Middleware\\PreventRequestForgery->handle(Object(Illuminate\\Http\\Request), Object(Closure))\n#13 C:\\Users\\Jhonl\\OneDrive\\Desktop\\DITC\\vendor\\laravel\\framework\\src\\Illuminate\\View\\Middleware\\ShareErrorsFromSession.php(48): Illuminate\\Pipeline\\Pipeline->{closure:{closure:Illuminate\\Pipeline\\Pipeline::carry():194}:195}(Object(Illuminate\\Http\\Request))\n#14 C:\\Users\\Jhonl\\OneDrive\\Desktop\\DITC\\vendor\\laravel\\framework\\src\\Illuminate\\Pipeline\\Pipeline.php(219): Illuminate\\View\\Middleware\\ShareErrorsFromSession->handle(Object(Illuminate\\Http\\Request), Object(Closure))\n#15 C:\\Users\\Jhonl\\OneDrive\\Desktop\\DITC\\vendor\\laravel\\framework\\src\\Illuminate\\Session\\Middleware\\StartSession.php(120): Illuminate\\Pipeline\\Pipeline->{closure:{closure:Illuminate\\Pipeline\\Pipeline::carry():194}:195}(Object(Illuminate\\Http\\Request))\n#16 C:\\Users\\Jhonl\\OneDrive\\Desktop\\DITC\\vendor\\laravel\\framework\\src\\Illuminate\\Session\\Middleware\\StartSession.php(63): Illuminate\\Session\\Middleware\\StartSession->handleStatefulRequest(Object(Illuminate\\Http\\Request), Object(Illuminate\\Session\\Store), Object(Closure))\n#17 C:\\Users\\Jhonl\\OneDrive\\Desktop\\DITC\\vendor\\laravel\\framework\\src\\Illuminate\\Pipeline\\Pipeline.php(219): Illuminate\\Session\\Middleware\\StartSession->handle(Object(Illuminate\\Http\\Request), Object(Closure))\n#18 C:\\Users\\Jhonl\\OneDrive\\Desktop\\DITC\\vendor\\laravel\\framework\\src\\Illuminate\\Cookie\\Middleware\\AddQueuedCookiesToResponse.php(36): Illuminate\\Pipeline\\Pipeline->{closure:{closure:Illuminate\\Pipeline\\Pipeline::carry():194}:195}(Object(Illuminate\\Http\\Request))\n#19 C:\\Users\\Jhonl\\OneDrive\\Desktop\\DITC\\vendor\\laravel\\framework\\src\\Illuminate\\Pipeline\\Pipeline.php(219): Illuminate\\Cookie\\Middleware\\AddQueuedCookiesToResponse->handle(Object(Illuminate\\Http\\Request), Object(Closure))\n#20 C:\\Users\\Jhonl\\OneDrive\\Desktop\\DITC\\vendor\\laravel\\framework\\src\\Illuminate\\Cookie\\Middleware\\EncryptCookies.php(74): Illuminate\\Pipeline\\Pipeline->{closure:{closure:Illuminate\\Pipeline\\Pipeline::carry():194}:195}(Object(Illuminate\\Http\\Request))\n#21 C:\\Users\\Jhonl\\OneDrive\\Desktop\\DITC\\vendor\\laravel\\framework\\src\\Illuminate\\Pipeline\\Pipeline.php(219): Illuminate\\Cookie\\Middleware\\EncryptCookies->handle(Object(Illuminate\\Http\\Request), Object(Closure))\n#22 C:\\Users\\Jhonl\\OneDrive\\Desktop\\DITC\\vendor\\laravel\\framework\\src\\Illuminate\\Pipeline\\Pipeline.php(137): Illuminate\\Pipeline\\Pipeline->{closure:{closure:Illuminate\\Pipeline\\Pipeline::carry():194}:195}(Object(Illuminate\\Http\\Request))\n#23 C:\\Users\\Jhonl\\OneDrive\\Desktop\\DITC\\vendor\\laravel\\framework\\src\\Illuminate\\Routing\\Router.php(821): Illuminate\\Pipeline\\Pipeline->then(Object(Closure))\n#24 C:\\Users\\Jhonl\\OneDrive\\Desktop\\DITC\\vendor\\laravel\\framework\\src\\Illuminate\\Routing\\Router.php(800): Illuminate\\Routing\\Router->runRouteWithinStack(Object(Illuminate\\Routing\\Route), Object(Illuminate\\Http\\Request))\n#25 C:\\Users\\Jhonl\\OneDrive\\Desktop\\DITC\\vendor\\laravel\\framework\\src\\Illuminate\\Routing\\Router.php(764): Illuminate\\Routing\\Router->runRoute(Object(Illuminate\\Http\\Request), Object(Illuminate\\Routing\\Route))\n#26 C:\\Users\\Jhonl\\OneDrive\\Desktop\\DITC\\vendor\\laravel\\framework\\src\\Illuminate\\Routing\\Router.php(753): Illuminate\\Routing\\Router->dispatchToRoute(Object(Illuminate\\Http\\Request))\n#27 C:\\Users\\Jhonl\\OneDrive\\Desktop\\DITC\\vendor\\laravel\\framework\\src\\Illuminate\\Foundation\\Http\\Kernel.php(200): Illuminate\\Routing\\Router->dispatch(Object(Illuminate\\Http\\Request))\n#28 C:\\Users\\Jhonl\\OneDrive\\Desktop\\DITC\\vendor\\laravel\\framework\\src\\Illuminate\\Pipeline\\Pipeline.php(180): Illuminate\\Foundation\\Http\\Kernel->{closure:Illuminate\\Foundation\\Http\\Kernel::dispatchToRouter():197}(Object(Illuminate\\Http\\Request))\n#29 C:\\Users\\Jhonl\\OneDrive\\Desktop\\DITC\\vendor\\laravel\\framework\\src\\Illuminate\\Foundation\\Http\\Middleware\\TransformsRequest.php(21): Illuminate\\Pipeline\\Pipeline->{closure:Illuminate\\Pipeline\\Pipeline::prepareDestination():178}(Object(Illuminate\\Http\\Request))\n#30 C:\\Users\\Jhonl\\OneDrive\\Desktop\\DITC\\vendor\\laravel\\framework\\src\\Illuminate\\Foundation\\Http\\Middleware\\ConvertEmptyStringsToNull.php(31): Illuminate\\Foundation\\Http\\Middleware\\TransformsRequest->handle(Object(Illuminate\\Http\\Request), Object(Closure))\n#31 C:\\Users\\Jhonl\\OneDrive\\Desktop\\DITC\\vendor\\laravel\\framework\\src\\Illuminate\\Pipeline\\Pipeline.php(219): Illuminate\\Foundation\\Http\\Middleware\\ConvertEmptyStringsToNull->handle(Object(Illuminate\\Http\\Request), Object(Closure))\n#32 C:\\Users\\Jhonl\\OneDrive\\Desktop\\DITC\\vendor\\laravel\\framework\\src\\Illuminate\\Foundation\\Http\\Middleware\\TransformsRequest.php(21): Illuminate\\Pipeline\\Pipeline->{closure:{closure:Illuminate\\Pipeline\\Pipeline::carry():194}:195}(Object(Illuminate\\Http\\Request))\n#33 C:\\Users\\Jhonl\\OneDrive\\Desktop\\DITC\\vendor\\laravel\\framework\\src\\Illuminate\\Foundation\\Http\\Middleware\\TrimStrings.php(51): Illuminate\\Foundation\\Http\\Middleware\\TransformsRequest->handle(Object(Illuminate\\Http\\Request), Object(Closure))\n#34 C:\\Users\\Jhonl\\OneDrive\\Desktop\\DITC\\vendor\\laravel\\framework\\src\\Illuminate\\Pipeline\\Pipeline.php(219): Illuminate\\Foundation\\Http\\Middleware\\TrimStrings->handle(Object(Illuminate\\Http\\Request), Object(Closure))\n#35 C:\\Users\\Jhonl\\OneDrive\\Desktop\\DITC\\vendor\\laravel\\framework\\src\\Illuminate\\Http\\Middleware\\ValidatePostSize.php(27): Illuminate\\Pipeline\\Pipeline->{closure:{closure:Illuminate\\Pipeline\\Pipeline::carry():194}:195}(Object(Illuminate\\Http\\Request))\n#36 C:\\Users\\Jhonl\\OneDrive\\Desktop\\DITC\\vendor\\laravel\\framework\\src\\Illuminate\\Pipeline\\Pipeline.php(219): Illuminate\\Http\\Middleware\\ValidatePostSize->handle(Object(Illuminate\\Http\\Request), Object(Closure))\n#37 C:\\Users\\Jhonl\\OneDrive\\Desktop\\DITC\\vendor\\laravel\\framework\\src\\Illuminate\\Foundation\\Http\\Middleware\\PreventRequestsDuringMaintenance.php(109): Illuminate\\Pipeline\\Pipeline->{closure:{closure:Illuminate\\Pipeline\\Pipeline::carry():194}:195}(Object(Illuminate\\Http\\Request))\n#38 C:\\Users\\Jhonl\\OneDrive\\Desktop\\DITC\\vendor\\laravel\\framework\\src\\Illuminate\\Pipeline\\Pipeline.php(219): Illuminate\\Foundation\\Http\\Middleware\\PreventRequestsDuringMaintenance->handle(Object(Illuminate\\Http\\Request), Object(Closure))\n#39 C:\\Users\\Jhonl\\OneDrive\\Desktop\\DITC\\vendor\\laravel\\framework\\src\\Illuminate\\Http\\Middleware\\HandleCors.php(61): Illuminate\\Pipeline\\Pipeline->{closure:{closure:Illuminate\\Pipeline\\Pipeline::carry():194}:195}(Object(Illuminate\\Http\\Request))\n#40 C:\\Users\\Jhonl\\OneDrive\\Desktop\\DITC\\vendor\\laravel\\framework\\src\\Illuminate\\Pipeline\\Pipeline.php(219): Illuminate\\Http\\Middleware\\HandleCors->handle(Object(Illuminate\\Http\\Request), Object(Closure))\n#41 C:\\Users\\Jhonl\\OneDrive\\Desktop\\DITC\\vendor\\laravel\\framework\\src\\Illuminate\\Http\\Middleware\\TrustProxies.php(58): Illuminate\\Pipeline\\Pipeline->{closure:{closure:Illuminate\\Pipeline\\Pipeline::carry():194}:195}(Object(Illuminate\\Http\\Request))\n#42 C:\\Users\\Jhonl\\OneDrive\\Desktop\\DITC\\vendor\\laravel\\framework\\src\\Illuminate\\Pipeline\\Pipeline.php(219): Illuminate\\Http\\Middleware\\TrustProxies->handle(Object(Illuminate\\Http\\Request), Object(Closure))\n#43 C:\\Users\\Jhonl\\OneDrive\\Desktop\\DITC\\vendor\\laravel\\framework\\src\\Illuminate\\Foundation\\Http\\Middleware\\InvokeDeferredCallbacks.php(22): Illuminate\\Pipeline\\Pipeline->{closure:{closure:Illuminate\\Pipeline\\Pipeline::carry():194}:195}(Object(Illuminate\\Http\\Request))\n#44 C:\\Users\\Jhonl\\OneDrive\\Desktop\\DITC\\vendor\\laravel\\framework\\src\\Illuminate\\Pipeline\\Pipeline.php(219): Illuminate\\Foundation\\Http\\Middleware\\InvokeDeferredCallbacks->handle(Object(Illuminate\\Http\\Request), Object(Closure))\n#45 C:\\Users\\Jhonl\\OneDrive\\Desktop\\DITC\\vendor\\laravel\\framework\\src\\Illuminate\\Http\\Middleware\\ValidatePathEncoding.php(28): Illuminate\\Pipeline\\Pipeline->{closure:{closure:Illuminate\\Pipeline\\Pipeline::carry():194}:195}(Object(Illuminate\\Http\\Request))\n#46 C:\\Users\\Jhonl\\OneDrive\\Desktop\\DITC\\vendor\\laravel\\framework\\src\\Illuminate\\Pipeline\\Pipeline.php(219): Illuminate\\Http\\Middleware\\ValidatePathEncoding->handle(Object(Illuminate\\Http\\Request), Object(Closure))\n#47 C:\\Users\\Jhonl\\OneDrive\\Desktop\\DITC\\vendor\\laravel\\framework\\src\\Illuminate\\Pipeline\\Pipeline.php(137): Illuminate\\Pipeline\\Pipeline->{closure:{closure:Illuminate\\Pipeline\\Pipeline::carry():194}:195}(Object(Illuminate\\Http\\Request))\n#48 C:\\Users\\Jhonl\\OneDrive\\Desktop\\DITC\\vendor\\laravel\\framework\\src\\Illuminate\\Foundation\\Http\\Kernel.php(175): Illuminate\\Pipeline\\Pipeline->then(Object(Closure))\n#49 C:\\Users\\Jhonl\\OneDrive\\Desktop\\DITC\\vendor\\laravel\\framework\\src\\Illuminate\\Foundation\\Http\\Kernel.php(144): Illuminate\\Foundation\\Http\\Kernel->sendRequestThroughRouter(Object(Illuminate\\Http\\Request))\n#50 C:\\Users\\Jhonl\\OneDrive\\Desktop\\DITC\\vendor\\laravel\\framework\\src\\Illuminate\\Foundation\\Testing\\Concerns\\MakesHttpRequests.php(638): Illuminate\\Foundation\\Http\\Kernel->handle(Object(Illuminate\\Http\\Request))\n#51 C:\\Users\\Jhonl\\OneDrive\\Desktop\\DITC\\vendor\\laravel\\framework\\src\\Illuminate\\Foundation\\Testing\\Concerns\\MakesHttpRequests.php(397): Illuminate\\Foundation\\Testing\\TestCase->call('POST', '/confirm-passwo..', Array, Array, Array, Array)\n#52 C:\\Users\\Jhonl\\OneDrive\\Desktop\\DITC\\tests\\Feature\\Auth\\PasswordConfirmationTest.php(26): Illuminate\\Foundation\\Testing\\TestCase->post('/confirm-passwo..', Array)\n#53 C:\\Users\\Jhonl\\OneDrive\\Desktop\\DITC\\vendor\\phpunit\\phpunit\\src\\Framework\\TestCase.php(1318): Tests\\Feature\\Auth\\PasswordConfirmationTest->test_password_can_be_confirmed()\n#54 C:\\Users\\Jhonl\\OneDrive\\Desktop\\DITC\\vendor\\phpunit\\phpunit\\src\\Framework\\TestCase.php(1355): PHPUnit\\Framework\\TestCase->invokeTestMethod('test_password_c..', Array)\n#55 C:\\Users\\Jhonl\\OneDrive\\Desktop\\DITC\\vendor\\phpunit\\phpunit\\src\\Framework\\TestCase.php(521): PHPUnit\\Framework\\TestCase->runTest()\n#56 C:\\Users\\Jhonl\\OneDrive\\Desktop\\DITC\\vendor\\phpunit\\phpunit\\src\\Framework\\TestRunner\\TestRunner.php(99): PHPUnit\\Framework\\TestCase->runBare()\n#57 C:\\Users\\Jhonl\\OneDrive\\Desktop\\DITC\\vendor\\phpunit\\phpunit\\src\\Framework\\TestCase.php(361): PHPUnit\\Framework\\TestRunner->run(Object(Tests\\Feature\\Auth\\PasswordConfirmationTest))\n#58 C:\\Users\\Jhonl\\OneDrive\\Desktop\\DITC\\vendor\\phpunit\\phpunit\\src\\Framework\\TestSuite.php(374): PHPUnit\\Framework\\TestCase->run()\n#59 C:\\Users\\Jhonl\\OneDrive\\Desktop\\DITC\\vendor\\phpunit\\phpunit\\src\\Framework\\TestSuite.php(374): PHPUnit\\Framework\\TestSuite->run()\n#60 C:\\Users\\Jhonl\\OneDrive\\Desktop\\DITC\\vendor\\phpunit\\phpunit\\src\\Framework\\TestSuite.php(374): PHPUnit\\Framework\\TestSuite->run()\n#61 C:\\Users\\Jhonl\\OneDrive\\Desktop\\DITC\\vendor\\phpunit\\phpunit\\src\\TextUI\\TestRunner.php(64): PHPUnit\\Framework\\TestSuite->run()\n#62 C:\\Users\\Jhonl\\OneDrive\\Desktop\\DITC\\vendor\\phpunit\\phpunit\\src\\TextUI\\Application.php(229): PHPUnit\\TextUI\\TestRunner->run(Object(PHPUnit\\TextUI\\Configuration\\Configuration), Object(PHPUnit\\Runner\\ResultCache\\DefaultResultCache), Object(PHPUnit\\Framework\\TestSuite))\n#63 C:\\Users\\Jhonl\\OneDrive\\Desktop\\DITC\\vendor\\phpunit\\phpunit\\phpunit(104): PHPUnit\\TextUI\\Application->run(Array)\n#64 {main}\n\n----------------------------------------------------------------------------------\n\nRoute [dashboard] not defined."}],"errors":3,"error_details":[{"test":"Tests\\Feature\\Auth\\AuthenticationTest::test_users_can_authenticate_using_the_login_screen","file":"C:\\Users\\Jhonl\\OneDrive\\Desktop\\DITC\\tests\\Feature\\Auth\\AuthenticationTest.php","line":20,"message":"Route [dashboard] not defined."},{"test":"Tests\\Feature\\Auth\\EmailVerificationTest::test_email_can_be_verified","file":"C:\\Users\\Jhonl\\OneDrive\\Desktop\\DITC\\tests\\Feature\\Auth\\EmailVerificationTest.php","line":25,"message":"Route [dashboard] not defined."},{"test":"Tests\\Feature\\Auth\\RegistrationTest::test_new_users_can_register","file":"C:\\Users\\Jhonl\\OneDrive\\Desktop\\DITC\\tests\\Feature\\Auth\\RegistrationTest.php","line":19,"message":"Route [dashboard] not defined."}]}
